[www.t-a9.com/index.html]
[backblue.gif]
[fade.gif]
[index.html]
[www.t-a9.com/wp-includes/css/dist/block-library/style.mina8d6.css]
[www.t-a9.com/wp-content/plugins/allow-webp-image/public/css/allow-webp-image-publicf269.css]
[www.t-a9.com/comments/feed/index.html]
[www.t-a9.com/feed/index.html]
[www.t-a9.com/wp-content/plugins/contact-form-7/includes/css/styles38d6.css]
[www.t-a9.com/wp-content/themes/precise/style5152.css]
[www.t-a9.com/wp-content/themes/precise-child/style8a54.css]
[www.t-a9.com/wp-content/themes/precise-child/assets/css/stylea8d6.css]
[www.t-a9.com/wp-content/themes/precise/assets/css/font-awesome.mina8d6.css]
[www.t-a9.com/wp-content/themes/precise/assets/lib/slick-master/slick/slicka8d6.css]
[www.t-a9.com/wp-content/themes/precise/assets/lib/owl-carousel/css/owl.carousel.mina8d6.css]
[www.t-a9.com/wp-content/themes/precise/assets/lib/normalizea8d6.css]
[www.t-a9.com/wp-content/themes/precise/assets/lib/lightGallery/dist/css/lightgallery.mina8d6.css]
[www.t-a9.com/wp-content/themes/precise/assets/lib/bootstrap-3.3.7/css/bootstrap.mina8d6.css]
[www.t-a9.com/wp-content/themes/precise/assets/lib/fotorama-4.6.4/fotoramaa8d6.css]
[www.t-a9.com/wp-content/themes/precise/assets/lib/Magnificpopup/magnificpopupa8d6.css]
[www.t-a9.com/wp-content/themes/precise/assets/css/precise-defaulta8d6.css]
[www.t-a9.com/wp-content/themes/precise/assets/css/themify-iconsa8d6.css]
[www.t-a9.com/wp-content/themes/precise/assets/css/ionicons.mina8d6.css]
[www.t-a9.com/wp-content/themes/precise/assets/css/animate.mina8d6.css]
[www.t-a9.com/wp-content/themes/precise/assets/css/stylea8d6.css]
[www.t-a9.com/wp-includes/js/jquery/jquery.minf43b.js]
[www.t-a9.com/wp-includes/js/jquery/jquery-migrate.min5589.js]
[www.t-a9.com/wp-content/plugins/allow-webp-image/public/js/allow-webp-image-publicf269.js]
[www.t-a9.com/wp-content/themes/precise-child/assets/js/customa8d6.js]
[www.t-a9.com/wp-content/themes/precise/assets/lib/hoverdir/modernizr.custom.97074a8d6.js]
[www.t-a9.com/wp-content/uploads/2021/04/cropped-logo-web-02-32x32.png]
[www.t-a9.com/wp-content/uploads/2021/04/cropped-logo-web-02-192x192.png]
[www.t-a9.com/wp-content/uploads/2021/04/cropped-logo-web-02-180x180.png]
[www.t-a9.com/wp-content/uploads/2021/04/logo.png]
[www.t-a9.com/wp-content/uploads/2021/04/logo-color.png]
[www.t-a9.com/wp-content/uploads/2021/05/homapage-main-min.jpg]
[www.t-a9.com/wp-content/uploads/2021/05/Mask-Group-31.png]
[www.t-a9.com/wp-content/uploads/2025/04/TA9_Intsights_video230a.mp4]
[www.t-a9.com/wp-content/uploads/2025/04/TA9_Intsights_video.mp4]
[www.t-a9.com/solution/index.html]
[www.t-a9.com/relationship/index.html]
[cdn.glassix.net/clients/whatsapp.widget.1.2.min.js]
[cdn.glassix.com/clients/whatsapp.widget.1.2.min.js]
[www.t-a9.com/about/index.html]
[www.t-a9.com/wp-content/uploads/2023/02/Web-1920-–-5.png]
[www.t-a9.com/careers/index.html]
[www.t-a9.com/wp-content/uploads/2023/02/Web-1920-–-2.png]
[www.t-a9.com/user-guide/index.html]
[www.t-a9.com/wp-content/uploads/2023/02/Web-1920-–-4.png]
[www.t-a9.com/wp-content/uploads/2023/02/Web-1920-–-1.png]
[www.t-a9.com/wp-content/uploads/2021/05/Group-1893-1.png]
[www.t-a9.com/wp-content/uploads/2021/04/Mask-Group-34.png]
[www.t-a9.com/wp-content/uploads/2021/04/image_2021_04_08T02_15_13_664Z.png]
[www.t-a9.com/wp-content/uploads/2021/04/Group-209.png]
[www.t-a9.com/wp-content/uploads/2021/04/Group-208.png]
[www.t-a9.com/wp-content/uploads/2021/04/document-01.png]
[www.t-a9.com/wp-content/uploads/2021/04/document-1-01.png]
[www.t-a9.com/wp-content/uploads/2021/04/image_2021_04_08T02_37_04_149Z.png]
[www.t-a9.com/wp-content/uploads/2021/04/network-02.png]
[www.t-a9.com/wp-content/uploads/2021/04/Group-1820.png]
[www.t-a9.com/wp-content/uploads/2021/04/Group-211.png]
[www.t-a9.com/wp-content/uploads/2021/05/partners02.jpg]
[www.t-a9.com/wp-content/uploads/2021/05/partners0305.png]
[www.t-a9.com/wp-content/uploads/2021/06/Endorsed-on-available-on-sap-store-blk-bg.png]
[www.t-a9.com/wp-content/uploads/2021/04/pn2-1.png]
[www.t-a9.com/wp-content/uploads/2025/04/TA9-in-action.png]
[www.t-a9.com/wp-content/uploads/2025/05/web.png]
[www.t-a9.com/wp-content/uploads/2024/01/user-guide.png]
[www.t-a9.com/wp-includes/js/mediaelement/mediaelementplayer-legacy.min1f61.css]
[www.t-a9.com/wp-includes/js/mediaelement/wp-mediaelement.mina8d6.css]
[www.t-a9.com/wp-content/plugins/contact-form-7/includes/swv/js/index38d6.js]
[www.t-a9.com/terms-conditions/index.html]
[www.t-a9.com/wp-content/plugins/contact-form-7/includes/js/index38d6.js]
[www.t-a9.com/privacy-policy/index.html]
[www.t-a9.com/wp-includes/js/comment-reply.mina8d6.js]
[www.t-a9.com/wp-content/themes/precise/assets/js/ultimate.mina8d6.js]
[www.t-a9.com/wp-content/themes/precise/assets/lib/hoverdir/jquery.hoverdira8d6.js]
[www.t-a9.com/wp-content/themes/precise/assets/js/jquery.owl-filter.mina8d6.js]
[www.t-a9.com/wp-content/themes/precise/assets/lib/owl-carousel/owl.carousel.mina8d6.js]
[www.t-a9.com/wp-content/themes/precise/assets/lib/jquery-waypoints/2.0.3/waypoints.mina8d6.js]
[www.t-a9.com/wp-content/themes/precise/assets/lib/lightGallery/dist/js/lightgallery-all.mina8d6.js]
[www.t-a9.com/wp-content/themes/precise/assets/lib/lightGallery/dist/js/jquery.mousewheel.mina8d6.js]
[www.t-a9.com/wp-content/themes/precise/assets/js/readmore.mina8d6.js]
[www.t-a9.com/wp-content/themes/precise/assets/js/isotope.pkgd.mina8d6.js]
[www.t-a9.com/wp-content/themes/precise/assets/lib/bootstrap-3.3.7/js/bootstrap.mina8d6.js]
[www.t-a9.com/wp-content/themes/precise/assets/lib/slick-master/slick/slick.mina8d6.js]
[www.t-a9.com/wp-content/themes/precise/assets/lib/fotorama-4.6.4/fotoramaa8d6.js]
[www.t-a9.com/wp-content/themes/precise/assets/js/sweetalert.mina8d6.js]
[www.t-a9.com/wp-content/themes/precise/assets/js/wow.mina8d6.js]
[www.t-a9.com/wp-content/themes/precise/assets/js/scripta8d6.js]
[www.google.com/recaptcha/api2b5c.js]
[www.t-a9.com/wp-includes/js/dist/vendor/wp-polyfill-inert.min0226.js]
[www.t-a9.com/wp-includes/js/dist/vendor/regenerator-runtime.min6c85.js]
[www.t-a9.com/wp-includes/js/dist/vendor/wp-polyfill.min2c7c.js]
[www.t-a9.com/wp-content/plugins/contact-form-7/modules/recaptcha/index38d6.js]
[www.t-a9.com/wp-includes/js/mediaelement/mediaelement-and-player.min1f61.js]
[www.t-a9.com/wp-includes/js/mediaelement/mediaelement-migrate.mina8d6.js]
[www.t-a9.com/wp-includes/js/mediaelement/wp-mediaelement.mina8d6.js]
[www.t-a9.com/index.html]
[www.t-a9.com/wp-includes/js/mediaelement/renderers/vimeo.min1f61.js]
[www.t-a9.com/wp-includes/css/dist/block-library/style.mina8d6.css]
[www.t-a9.com/wp-content/plugins/allow-webp-image/public/css/allow-webp-image-publicf269.css]
[www.t-a9.com/wp-content/plugins/contact-form-7/includes/css/styles38d6.css]
[www.t-a9.com/wp-content/themes/precise/style5152.css]
[www.t-a9.com/wp-content/themes/precise-child/style8a54.css]
[www.t-a9.com/wp-content/themes/precise-child/assets/images/cyber-security-concept.png]
[www.t-a9.com/wp-content/themes/precise-child/assets/images/markdown-banner.png]
[www.t-a9.com/wp-content/themes/precise-child/assets/images/markdown-fullbanner.png]
[www.t-a9.com/wp-content/themes/precise-child/assets/fonts/Roboto-Medium.eot]
[www.t-a9.com/wp-content/themes/precise-child/assets/fonts/Roboto-Mediumd41d.eot]
[www.t-a9.com/wp-content/themes/precise-child/assets/fonts/Roboto-Medium.woff2]
[www.t-a9.com/wp-content/themes/precise-child/assets/fonts/Roboto-Medium.woff]
[www.t-a9.com/wp-content/themes/precise-child/assets/fonts/Roboto-Medium.ttf]
[www.t-a9.com/wp-content/themes/precise-child/assets/fonts/Roboto-LightItalic.eot]
[www.t-a9.com/wp-content/themes/precise-child/assets/fonts/Roboto-LightItalicd41d.eot]
[www.t-a9.com/wp-content/themes/precise-child/assets/fonts/Roboto-LightItalic.woff2]
[www.t-a9.com/wp-content/themes/precise-child/assets/fonts/Roboto-LightItalic.woff]
[www.t-a9.com/wp-content/themes/precise-child/assets/fonts/Roboto-LightItalic.ttf]
[www.t-a9.com/wp-content/themes/precise-child/assets/fonts/Roboto-ThinItalic.eot]
[www.t-a9.com/wp-content/themes/precise-child/assets/fonts/Roboto-ThinItalicd41d.eot]
[www.t-a9.com/wp-content/themes/precise-child/assets/fonts/Roboto-ThinItalic.woff2]
[www.t-a9.com/wp-content/themes/precise-child/assets/fonts/Roboto-ThinItalic.woff]
[www.t-a9.com/wp-content/themes/precise-child/assets/fonts/Roboto-ThinItalic.ttf]
[www.t-a9.com/wp-content/themes/precise-child/assets/fonts/Roboto-Regular.eot]
[www.t-a9.com/wp-content/themes/precise-child/assets/fonts/Roboto-Regulard41d.eot]
[www.t-a9.com/wp-content/themes/precise-child/assets/fonts/Roboto-Regular.woff2]
[www.t-a9.com/wp-content/themes/precise-child/assets/fonts/Roboto-Regular.woff]
[www.t-a9.com/wp-content/themes/precise-child/assets/fonts/Roboto-Regular.ttf]
[www.t-a9.com/wp-content/themes/precise-child/assets/fonts/Roboto-MediumItalic.eot]
[www.t-a9.com/wp-content/themes/precise-child/assets/fonts/Roboto-MediumItalicd41d.eot]
[www.t-a9.com/wp-content/themes/precise-child/assets/fonts/Roboto-MediumItalic.woff2]
[www.t-a9.com/wp-content/themes/precise-child/assets/fonts/Roboto-MediumItalic.woff]
[www.t-a9.com/wp-content/themes/precise-child/assets/fonts/Roboto-MediumItalic.ttf]
[www.t-a9.com/wp-content/themes/precise-child/assets/fonts/Roboto-Thin.eot]
[www.t-a9.com/wp-content/themes/precise-child/assets/fonts/Roboto-Thind41d.eot]
[www.t-a9.com/wp-content/themes/precise-child/assets/fonts/Roboto-Thin.woff2]
[www.t-a9.com/wp-content/themes/precise-child/assets/fonts/Roboto-Thin.woff]
[www.t-a9.com/wp-content/themes/precise-child/assets/fonts/Roboto-Thin.ttf]
[www.t-a9.com/wp-content/themes/precise-child/assets/fonts/Roboto-Italic.eot]
[www.t-a9.com/wp-content/themes/precise-child/assets/fonts/Roboto-Italicd41d.eot]
[www.t-a9.com/wp-content/themes/precise-child/assets/fonts/Roboto-Italic.woff2]
[www.t-a9.com/wp-content/themes/precise-child/assets/fonts/Roboto-Italic.woff]
[www.t-a9.com/wp-content/themes/precise-child/assets/fonts/Roboto-Italic.ttf]
[www.t-a9.com/wp-content/themes/precise-child/assets/fonts/Roboto-Bold.eot]
[www.t-a9.com/wp-content/themes/precise-child/assets/fonts/Roboto-Boldd41d.eot]
[www.t-a9.com/wp-content/themes/precise-child/assets/fonts/Roboto-Bold.woff2]
[www.t-a9.com/wp-content/themes/precise-child/assets/fonts/Roboto-Bold.woff]
[www.t-a9.com/wp-content/themes/precise-child/assets/fonts/Roboto-Bold.ttf]
[www.t-a9.com/wp-content/themes/precise-child/assets/fonts/Roboto-BlackItalic.eot]
[www.t-a9.com/wp-content/themes/precise-child/assets/fonts/Roboto-BlackItalicd41d.eot]
[www.t-a9.com/wp-content/themes/precise-child/assets/fonts/Roboto-BlackItalic.woff2]
[www.t-a9.com/wp-content/themes/precise-child/assets/fonts/Roboto-BlackItalic.woff]
[www.t-a9.com/wp-content/themes/precise-child/assets/fonts/Roboto-BlackItalic.ttf]
[www.t-a9.com/wp-content/themes/precise-child/assets/fonts/Roboto-Light.eot]
[www.t-a9.com/wp-content/themes/precise-child/assets/fonts/Roboto-Lightd41d.eot]
[www.t-a9.com/wp-content/themes/precise-child/assets/fonts/Roboto-Light.woff2]
[www.t-a9.com/wp-content/themes/precise-child/assets/fonts/Roboto-Light.woff]
[www.t-a9.com/wp-content/themes/precise-child/assets/fonts/Roboto-Light.ttf]
[www.t-a9.com/wp-content/themes/precise-child/assets/fonts/Roboto-BoldItalic.eot]
[www.t-a9.com/wp-content/themes/precise-child/assets/fonts/Roboto-BoldItalicd41d.eot]
[www.t-a9.com/wp-content/themes/precise-child/assets/fonts/Roboto-BoldItalic.woff2]
[www.t-a9.com/wp-content/themes/precise-child/assets/fonts/Roboto-BoldItalic.woff]
[www.t-a9.com/wp-content/themes/precise-child/assets/fonts/Roboto-BoldItalic.ttf]
[www.t-a9.com/wp-content/themes/precise-child/assets/fonts/Roboto-Black.eot]
[www.t-a9.com/wp-content/themes/precise-child/assets/fonts/Roboto-Blackd41d.eot]
[www.t-a9.com/wp-content/themes/precise-child/assets/fonts/Roboto-Black.woff2]
[www.t-a9.com/wp-content/themes/precise-child/assets/fonts/Roboto-Black.woff]
[www.t-a9.com/wp-content/themes/precise-child/assets/fonts/Roboto-Black.ttf]
[www.t-a9.com/wp-content/themes/precise-child/assets/css/stylea8d6.css]
[www.t-a9.com/wp-content/themes/precise/assets/fonts/fontawesome/fontawesome-webfont5b62.eot]
[www.t-a9.com/wp-content/themes/precise/assets/fonts/fontawesome/fontawesome-webfontd41d.eot]
[www.t-a9.com/wp-content/themes/precise/assets/fonts/fontawesome/fontawesome-webfont5b62.woff2]
[www.t-a9.com/wp-content/themes/precise/assets/fonts/fontawesome/fontawesome-webfont5b62.woff]
[www.t-a9.com/wp-content/themes/precise/assets/fonts/fontawesome/fontawesome-webfont5b62.ttf]
[www.t-a9.com/wp-content/themes/precise/assets/css/font-awesome.mina8d6.css]
[www.t-a9.com/wp-content/themes/precise/assets/lib/slick-master/slick/slicka8d6.css]
[www.t-a9.com/wp-content/themes/precise/assets/lib/owl-carousel/css/owl.carousel.mina8d6.css]
[www.t-a9.com/wp-content/themes/precise/assets/lib/normalizea8d6.css]
[www.t-a9.com/wp-content/themes/precise/assets/lib/lightGallery/dist/fonts/lgd641.eot]
[www.t-a9.com/wp-content/themes/precise/assets/lib/lightGallery/dist/fonts/lgd41d.eot]
[www.t-a9.com/wp-content/themes/precise/assets/lib/lightGallery/dist/fonts/lgd641.woff]
[www.t-a9.com/wp-content/themes/precise/assets/lib/lightGallery/dist/img/vimeo-play.png]
[www.t-a9.com/wp-content/themes/precise/assets/lib/lightGallery/dist/img/video-play.png]
[www.t-a9.com/wp-content/themes/precise/assets/lib/lightGallery/dist/img/youtube-play.png]
[www.t-a9.com/wp-content/themes/precise/assets/lib/lightGallery/dist/img/loading.gif]
[www.t-a9.com/wp-content/themes/precise/assets/lib/lightGallery/dist/css/lightgallery.mina8d6.css]
[www.t-a9.com/wp-content/themes/precise/assets/lib/bootstrap-3.3.7/fonts/glyphicons-halflings-regular.eot]
[www.t-a9.com/wp-content/themes/precise/assets/lib/bootstrap-3.3.7/fonts/glyphicons-halflings-regulard41d.eot]
[www.t-a9.com/wp-content/themes/precise/assets/lib/bootstrap-3.3.7/fonts/glyphicons-halflings-regular.woff2]
[www.t-a9.com/wp-content/themes/precise/assets/lib/bootstrap-3.3.7/fonts/glyphicons-halflings-regular.woff]
[www.t-a9.com/wp-content/themes/precise/assets/lib/bootstrap-3.3.7/fonts/glyphicons-halflings-regular.ttf]
[www.t-a9.com/wp-content/themes/precise/assets/lib/bootstrap-3.3.7/css/bootstrap.mina8d6.css]
[www.t-a9.com/wp-content/themes/precise/assets/lib/fotorama-4.6.4/fotorama.png]
[www.t-a9.com/wp-content/themes/precise/assets/lib/fotorama-4.6.4/fotoramaa8d6.css]
[www.t-a9.com/wp-content/themes/precise/assets/lib/fotorama-4.6.4/fotorama@2x.png]
[www.t-a9.com/wp-content/themes/precise/assets/lib/Magnificpopup/magnificpopupa8d6.css]
[www.t-a9.com/wp-content/themes/precise/assets/css/precise-defaulta8d6.css]
[www.t-a9.com/wp-content/themes/precise/assets/fonts/themify-icons/themify9f24.eot]
[www.t-a9.com/wp-content/themes/precise/assets/fonts/themify-icons/themifyd41d.eot]
[www.t-a9.com/wp-content/themes/precise/assets/fonts/themify-icons/themify9f24.woff]
[www.t-a9.com/wp-content/themes/precise/assets/fonts/themify-icons/themify9f24.ttf]
[www.t-a9.com/wp-content/themes/precise/assets/css/themify-iconsa8d6.css]
[www.t-a9.com/wp-content/themes/precise/assets/fonts/ionicons/ionicons28b5.eot]
[www.t-a9.com/wp-content/themes/precise/assets/fonts/ionicons/ionicons28b5.ttf]
[www.t-a9.com/wp-content/themes/precise/assets/fonts/ionicons/ionicons28b5.woff]
[www.t-a9.com/wp-content/themes/precise/assets/css/ionicons.mina8d6.css]
[www.t-a9.com/wp-content/themes/precise/assets/css/animate.mina8d6.css]
[www.t-a9.com/wp-content/themes/precise/assets/images/bg_title_bar.jpg]
[www.t-a9.com/wp-content/themes/precise/assets/images/contactus.jpg]
[www.t-a9.com/wp-content/themes/precise/assets/css/stylea8d6.css]
[www.t-a9.com/xmlrpc0db0.html]
[www.t-a9.com/wp-json/oembed/1.0/embedbfb1.json]
[www.t-a9.com/wp-json/oembed/1.0/embed55e1]
[www.t-a9.com/wp-admin/admin-ajax.html]
[www.t-a9.com/wp-content/uploads/2021/05/00112233.jpg]
[www.t-a9.com/wp-content/uploads/2021/04/buildings.png]
[cdn.jsdelivr.net/particles.js/2.0.0/particles.min.js]
[threejs.org/examples/js/libs/stats.min.d8.delayed]
[www.t-a9.com/solution/index.html]
[www.t-a9.com/wp-content/uploads/2021/05/3545.png]
[www.t-a9.com/wp-content/uploads/2021/05/mobile-part115.png]
[www.t-a9.com/wp-content/uploads/2025/07/Oracle.jpg]
[www.t-a9.com/wp-content/uploads/2025/08/Emery-logo-with-Slogan-e1754207562604.png]
[www.t-a9.com/relationship/index.html]
[www.t-a9.com/wp-content/uploads/2021/04/closeup-diverse-people-joining-their-hands-scaled.jpg]
[www.t-a9.com/wp-content/uploads/2021/04/hand-using-laptop-press-screen-search-browsing-internet-online-300x161.png]
[www.t-a9.com/wp-content/uploads/2021/05/pic_ta9-company-1-300x292.png]
[www.t-a9.com/wp-content/uploads/2021/04/join-us.png]
[www.t-a9.com/wp-content/uploads/2021/04/join-us-1.png]
[www.t-a9.com/about/index.html]
[www.t-a9.com/wp-content/uploads/2021/05/career-mobile-06.png]
[www.t-a9.com/careers/index.html]
[www.t-a9.com/technical-customer-support/index.html]
[www.t-a9.com/wp-content/themes/precise-child/assets/css/bootstrap.mina8d6.css]
[www.t-a9.com/QA Team Lead/index.html]
[www.t-a9.com/wp-content/themes/precise-child/assets/css/custom-treea8d6.css]
[www.t-a9.com/wp-content/themes/precise-child/assets/css/iconsa8d6.css]
[www.t-a9.com/wp-content/themes/precise-child/assets/js/bootstrap.mina8d6.js]
[www.t-a9.com/wp-content/themes/precise-child/assets/js/custom-treea8d6.js]
[www.t-a9.com/user-guide/index.html]
[cdn.glassix.net/clients/whatsapp.widget.1.2.min.js]
[cdn.glassix.com/clients/whatsapp.widget.1.2.min.js]
[www.t-a9.com/forgot-password/index.html]
[www.t-a9.com/terms-conditions/index.html]
[www.t-a9.com/privacy-policy/index.html]
[www.t-a9.com/wp-includes/js/mediaelement/mediaelementplayer-legacy.min1f61.css]
[www.t-a9.com/wp-includes/js/mediaelement/wp-mediaelement.mina8d6.css]
[www.t-a9.com/wp-content/themes/precise/assets/lib/particles/particles.mina8d6.html]
[www.t-a9.com/wp-content/themes/precise-child/assets/images/search_icon_white.svg]
[www.t-a9.com/wp-content/themes/precise-child/assets/fonts/Roboto-Medium.svg]
[www.t-a9.com/wp-content/themes/precise-child/assets/fonts/Roboto-LightItalic.svg]
[www.t-a9.com/wp-content/themes/precise/assets/lib/loading/modernizr.mina8d6.js]
[www.t-a9.com/wp-content/themes/precise/assets/lib/Magnificpopup/magnificpopup.mina8d6.js]
[www.t-a9.com/wp-content/themes/precise-child/assets/fonts/Roboto-ThinItalic.svg]
[www.t-a9.com/wp-content/themes/precise-child/assets/fonts/Roboto-Regular.svg]
[www.t-a9.com/wp-content/themes/precise-child/assets/fonts/Roboto-MediumItalic.svg]
[www.t-a9.com/wp-content/themes/precise-child/assets/fonts/Roboto-Thin.svg]
[www.t-a9.com/wp-content/themes/precise-child/assets/fonts/Roboto-Italic.svg]
[www.t-a9.com/wp-content/themes/precise-child/assets/fonts/Roboto-Bold.svg]
[www.t-a9.com/wp-content/themes/precise-child/assets/fonts/Roboto-BlackItalic.svg]
[www.t-a9.com/wp-content/themes/precise-child/assets/fonts/Roboto-Light.svg]
[www.t-a9.com/wp-content/themes/precise-child/assets/fonts/Roboto-BoldItalic.svg]
[www.t-a9.com/wp-content/themes/precise-child/assets/fonts/Roboto-Black.svg]
[www.t-a9.com/wp-content/themes/precise/assets/fonts/fontawesome/fontawesome-webfont5b62.svg]
[www.t-a9.com/wp-content/themes/precise/assets/lib/owl-carousel/css/owl.video.play.html]
[www.t-a9.com/wp-content/themes/precise/assets/lib/lightGallery/dist/fonts/lgd641.svg]
[www.t-a9.com/wp-content/themes/precise/assets/lib/bootstrap-3.3.7/fonts/glyphicons-halflings-regular.svg]
[www.t-a9.com/wp-content/themes/precise/assets/fonts/themify-icons/themify9f24.svg]
[www.t-a9.com/wp-content/themes/precise/assets/fonts/ionicons/ionicons28b5.svg]
[www.t-a9.com/wp-content/uploads/2021/04/Mask-Group-33-1.html]
[www.t-a9.com/wp-content/uploads/2021/04/z2429850386727_c879ede50c68dea06438857d58c7d05d.html]
[www.t-a9.com/index87e6.html]
[www.t-a9.com/wp-json/oembed/1.0/embed85cc.json]
[www.t-a9.com/wp-json/oembed/1.0/embedd8dc]
[threejs.org/examples/js/libs/stats.min.html]
[www.t-a9.com/indexd7c9.html]
[www.t-a9.com/wp-json/oembed/1.0/embed3408.json]
[www.t-a9.com/wp-json/oembed/1.0/embed305b]
[www.t-a9.com/index820e.html]
[www.t-a9.com/wp-json/oembed/1.0/embed13a8.json]
[www.t-a9.com/wp-json/oembed/1.0/embedb30b]
[www.t-a9.com/our-team/index.html]
[www.t-a9.com/indexef92.html]
[www.t-a9.com/wp-json/oembed/1.0/embeddaf6.json]
[www.t-a9.com/wp-json/oembed/1.0/embed693a]
[www.t-a9.com/wp-content/themes/precise/assets/lib/lightGallery/dist/fonts/lgd641.ttf]
[www.t-a9.com/technical-customer-support/index.html]
[www.t-a9.com/qa-team-lead/index.html]
[www.t-a9.com/QA Team Lead/index.html]
[www.t-a9.com/wp-content/themes/precise-child/assets/css/bootstrap.mina8d6.css]
[www.t-a9.com/wp-content/themes/precise-child/assets/css/custom-treea8d6.css]
[www.t-a9.com/wp-content/themes/precise-child/assets/webfonts/fa-solid-900.woff2]
[www.t-a9.com/wp-content/themes/precise-child/assets/webfonts/fa-solid-900.woff]
[www.t-a9.com/wp-content/themes/precise-child/assets/webfonts/fa-solid-900.ttf]
[www.t-a9.com/wp-content/themes/precise-child/assets/css/iconsa8d6.css]
[www.t-a9.com/index12c3.html]
[www.t-a9.com/wp-json/oembed/1.0/embed9618.json]
[www.t-a9.com/wp-json/oembed/1.0/embed144b]
[www.t-a9.com/forgot-password/index.html]
[www.t-a9.com/wp-content/themes/precise-child/assets/images/loader-ta9.svg]
[www.t-a9.com/clients/index.html]
[www.t-a9.com/$&/index.html]
[www.t-a9.com/index42fe.html]
[www.t-a9.com/wp-json/oembed/1.0/embedca1e.json]
[www.t-a9.com/wp-json/oembed/1.0/embed9e3a]
[www.t-a9.com/indexb47e.html]
[www.t-a9.com/wp-json/oembed/1.0/embed4526.json]
[www.t-a9.com/wp-json/oembed/1.0/embedcf03]
[www.t-a9.com/wp-includes/js/mediaelement/mejs-controls.svg]
[www.t-a9.com/index7f28.html]
[www.t-a9.com/wp-json/oembed/1.0/embedebd3.json]
[www.t-a9.com/wp-json/oembed/1.0/embed9960]
[www.t-a9.com/our-team.html]
[www.t-a9.com/qa-team-lead/index.html]
[www.t-a9.com/index2d4b.html]
[www.t-a9.com/wp-json/oembed/1.0/embed2f64.json]
[www.t-a9.com/wp-json/oembed/1.0/embedadb7]
[www.t-a9.com/wp-content/themes/precise-child/assets/webfonts/fa-brands-400.html]
[www.t-a9.com/wp-content/themes/precise-child/assets/webfonts/fa-brands-400d41d.html]
[www.t-a9.com/wp-content/themes/precise-child/assets/webfonts/fa-brands-401.html]
[www.t-a9.com/wp-content/themes/precise-child/assets/webfonts/fa-brands-402.html]
[www.t-a9.com/wp-content/themes/precise-child/assets/webfonts/fa-brands-403.html]
[www.t-a9.com/wp-content/themes/precise-child/assets/webfonts/fa-brands-404.html]
[www.t-a9.com/wp-content/themes/precise-child/assets/webfonts/fa-regular-400.html]
[www.t-a9.com/wp-content/themes/precise-child/assets/webfonts/fa-regular-400d41d.html]
[www.t-a9.com/wp-content/themes/precise-child/assets/webfonts/fa-regular-401.html]
[www.t-a9.com/wp-content/themes/precise-child/assets/webfonts/fa-regular-402.html]
[www.t-a9.com/wp-content/themes/precise-child/assets/webfonts/fa-regular-403.html]
[www.t-a9.com/wp-content/themes/precise-child/assets/webfonts/fa-regular-404.html]
[www.t-a9.com/wp-content/themes/precise-child/assets/webfonts/fa-solid-900.html]
[www.t-a9.com/wp-content/themes/precise-child/assets/webfonts/fa-solid-900d41d.html]
[www.t-a9.com/wp-content/themes/precise-child/assets/webfonts/fa-solid-901.html]
